// 同步 ID: 5721d73f @ Sun Jul 26 09:47:33 UTC 2026
// 同步 ID: 57371024 @ Sun Jul 26 15:58:16 UTC 2026
// 重构日志: 21c68a73
// 重构日志: 0e7fa324
// 重构日志: 0d00f66b
// 同步 ID: fdcb628e @ Wed Jul 29 18:32:25 UTC 2026
// 同步 ID: 776ba11a @ Wed Jul 29 21:15:47 UTC 2026
// 重构日志: 9a413ead
// 重构日志: a3e89fad
// 重构日志: 3aadced9
// 重构日志: ff44d3ab
// 同步 ID: 27c575bb @ Sat Aug  1 15:32:54 UTC 2026
// 重构日志: bca46606
// 同步 ID: 751f38e9 @ Sun Aug  2 04:47:34 UTC 2026
// 同步 ID: 3fbe26a6 @ Sun Aug  2 10:22:48 UTC 2026
// 同步 ID: e174cbc2 @ Mon Aug  3 01:06:56 UTC 2026
// 重构日志: 63132d89
// 重构日志: 06422c62
// 重构日志: 7f1cb443
// 重构日志: cfa654ce
// 重构日志: e0068d20
// 同步 ID: 39d9fb90 @ Wed Aug  5 04:16:35 UTC 2026
// 同步 ID: 90607c66 @ Wed Aug  5 06:47:24 UTC 2026
// 同步 ID: 950cbc18 @ Wed Aug  5 15:09:41 UTC 2026
// 重构日志: fc4f45a2
// 同步 ID: 6ab879a3 @ Wed Aug  5 19:08:40 UTC 2026
// 重构日志: 3799389f
// 同步 ID: b5998951 @ Fri Aug  7 04:05:55 UTC 2026
// 重构日志: 433b1b26
// 同步 ID: 8d8eddf4 @ Sat Aug  8 06:59:48 UTC 2026
